Godot Engine v4.5.1.stable.mono.official.f62fdbde1 - https://godotengine.org

ÔòöÔòÉÔòÉÔòÉÔòÉÔòÉÔòÉÔòÉÔòÉÔòÉÔòÉÔòÉÔòÉÔòÉÔòÉÔòÉÔòÉÔòÉÔòÉÔòÉÔòÉÔòÉÔòÉÔòÉÔòÉÔòÉÔòÉÔòÉÔòÉÔòÉÔòÉÔòÉÔòÉÔòÉÔòÉÔòÉÔòÉÔòÉÔòÉÔòÉÔòÉÔòÉÔòÉÔòÉÔòÉÔòÉÔòÉÔòÉÔòÉÔòÉÔòÉÔòÉÔòÉÔòù
Ôòæ    Auto-Structured WFC Test Suite                 Ôòæ
ÔòÜÔòÉÔòÉÔòÉÔòÉÔòÉÔòÉÔòÉÔòÉÔòÉÔòÉÔòÉÔòÉÔòÉÔòÉÔòÉÔòÉÔòÉÔòÉÔòÉÔòÉÔòÉÔòÉÔòÉÔòÉÔòÉÔòÉÔòÉÔòÉÔòÉÔòÉÔòÉÔòÉÔòÉÔòÉÔòÉÔòÉÔòÉÔòÉÔòÉÔòÉÔòÉÔòÉÔòÉÔòÉÔòÉÔòÉÔòÉÔòÉÔòÉÔòÉÔòÉÔòÉÔòØ

ÔöîÔöÇÔöÇÔöÇÔöÇÔöÇÔöÇÔöÇÔöÇÔöÇÔöÇÔöÇÔöÇÔöÇÔöÇÔöÇÔöÇÔöÇÔöÇÔöÇÔöÇÔöÇÔöÇÔöÇÔöÇÔöÇÔöÇÔöÇÔöÇÔöÇÔöÇÔöÇÔöÇÔöÇÔöÇÔöÇÔöÇÔöÇÔöÇÔöÇÔöÇÔöÇÔöÇÔöÇÔöÇÔöÇÔöÇÔöÇÔöÇÔöÇÔöÇÔöÇÔöÇÔöÉ
Ôöé  Running: Socket                                 Ôöé
ÔööÔöÇÔöÇÔöÇÔöÇÔöÇÔöÇÔöÇÔöÇÔöÇÔöÇÔöÇÔöÇÔöÇÔöÇÔöÇÔöÇÔöÇÔöÇÔöÇÔöÇÔöÇÔöÇÔöÇÔöÇÔöÇÔöÇÔöÇÔöÇÔöÇÔöÇÔöÇÔöÇÔöÇÔöÇÔöÇÔöÇÔöÇÔöÇÔöÇÔöÇÔöÇÔöÇÔöÇÔöÇÔöÇÔöÇÔöÇÔöÇÔöÇÔöÇÔöÇÔöÇÔöÿ

=== Testing Socket ===
godot : WARNING: Socket: Invalid direction (2, 0, 0). Must be cardinal direction.
In Zeile:1 Zeichen:1
+ godot --headless --path 'D:/Repos/auto-structured' --script 'res://ad ...
+ ~~~~~~~~~~~~~~~~~~~~~~~~~~~~~~~~~~~~~~~~~~~~~~~~~~~~~~~~~~~~~~~~~~~~~
    + CategoryInfo          : NotSpecified: (WARNING: Socket...inal direction.:String) [], RemoteException
    + FullyQualifiedErrorId : NativeCommandError
 
   at: push_warning (core/variant/variant_utility.cpp:1034)
   GDScript backtrace (most recent call first):
       [0] @direction_setter (res://addons/auto_structured/core/socket.gd:15)
       [1] test_socket_direction_validation (res://addons/auto_structured/tests/test_socket.gd:56)
       [2] run_all_tests (res://addons/auto_structured/tests/test_socket.gd:14)
       [3] run_test_suite (res://addons/auto_structured/tests/run_tests.gd:95)
       [4] _initialize (res://addons/auto_structured/tests/run_tests.gd:30)

--- Socket Test Summary ---
  Passed: 42
  Failed: 0
  Total: 42
  Result: Ô£ô ALL TESTS PASSED

ÔöîÔöÇÔöÇÔöÇÔöÇÔöÇÔöÇÔöÇÔöÇÔöÇÔöÇÔöÇÔöÇÔöÇÔöÇÔöÇÔöÇÔöÇÔöÇÔöÇÔöÇÔöÇÔöÇÔöÇÔöÇÔöÇÔöÇÔöÇÔöÇÔöÇÔöÇÔöÇÔöÇÔöÇÔöÇÔöÇÔöÇÔöÇÔöÇÔöÇÔöÇÔöÇÔöÇÔöÇÔöÇÔöÇÔöÇÔöÇÔöÇÔöÇÔöÇÔöÇÔöÇÔöÉ
Ôöé  Running: SocketType                             Ôöé
ÔööÔöÇÔöÇÔöÇÔöÇÔöÇÔöÇÔöÇÔöÇÔöÇÔöÇÔöÇÔöÇÔöÇÔöÇÔöÇÔöÇÔöÇÔöÇÔöÇÔöÇÔöÇÔöÇÔöÇÔöÇÔöÇÔöÇÔöÇÔöÇÔöÇÔöÇÔöÇÔöÇÔöÇÔöÇÔöÇÔöÇÔöÇÔöÇÔöÇÔöÇÔöÇÔöÇÔöÇÔöÇÔöÇÔöÇÔöÇÔöÇÔöÇÔöÇÔöÇÔöÇÔöÿ

=== Testing SocketType ===

--- SocketType Test Summary ---
  Passed: 49
  Failed: 0
  Total: 49
  Result: Ô£ô ALL TESTS PASSED

ÔöîÔöÇÔöÇÔöÇÔöÇÔöÇÔöÇÔöÇÔöÇÔöÇÔöÇÔöÇÔöÇÔöÇÔöÇÔöÇÔöÇÔöÇÔöÇÔöÇÔöÇÔöÇÔöÇÔöÇÔöÇÔöÇÔöÇÔöÇÔöÇÔöÇÔöÇÔöÇÔöÇÔöÇÔöÇÔöÇÔöÇÔöÇÔöÇÔöÇÔöÇÔöÇÔöÇÔöÇÔöÇÔöÇÔöÇÔöÇÔöÇÔöÇÔöÇÔöÇÔöÇÔöÉ
Ôöé  Running: Tile                                   Ôöé
ÔööÔöÇÔöÇÔöÇÔöÇÔöÇÔöÇÔöÇÔöÇÔöÇÔöÇÔöÇÔöÇÔöÇÔöÇÔöÇÔöÇÔöÇÔöÇÔöÇÔöÇÔöÇÔöÇÔöÇÔöÇÔöÇÔöÇÔöÇÔöÇÔöÇÔöÇÔöÇÔöÇÔöÇÔöÇÔöÇÔöÇÔöÇÔöÇÔöÇÔöÇÔöÇÔöÇÔöÇÔöÇÔöÇÔöÇÔöÇÔöÇÔöÇÔöÇÔöÇÔöÇÔöÿ

=== Testing Tile ===
Tag already exists on tile: wall

--- Tile Test Summary ---
  Passed: 68
  Failed: 0
  Total: 68
  Result: Ô£ô ALL TESTS PASSED

ÔöîÔöÇÔöÇÔöÇÔöÇÔöÇÔöÇÔöÇÔöÇÔöÇÔöÇÔöÇÔöÇÔöÇÔöÇÔöÇÔöÇÔöÇÔöÇÔöÇÔöÇÔöÇÔöÇÔöÇÔöÇÔöÇÔöÇÔöÇÔöÇÔöÇÔöÇÔöÇÔöÇÔöÇÔöÇÔöÇÔöÇÔöÇÔöÇÔöÇÔöÇÔöÇÔöÇÔöÇÔöÇÔöÇÔöÇÔöÇÔöÇÔöÇÔöÇÔöÇÔöÇÔöÉ
Ôöé  Running: ModuleLibrary                          Ôöé
ÔööÔöÇÔöÇÔöÇÔöÇÔöÇÔöÇÔöÇÔöÇÔöÇÔöÇÔöÇÔöÇÔöÇÔöÇÔöÇÔöÇÔöÇÔöÇÔöÇÔöÇÔöÇÔöÇÔöÇÔöÇÔöÇÔöÇÔöÇÔöÇÔöÇÔöÇÔöÇÔöÇÔöÇÔöÇÔöÇÔöÇÔöÇÔöÇÔöÇÔöÇÔöÇÔöÇÔöÇÔöÇÔöÇÔöÇÔöÇÔöÇÔöÇÔöÇÔöÇÔöÇÔöÿ

=== Testing ModuleLibrary ===

--- ModuleLibrary Test Summary ---
  Passed: 73
  Failed: 0
  Total: 73
  Result: Ô£ô ALL TESTS PASSED

ÔöîÔöÇÔöÇÔöÇÔöÇÔöÇÔöÇÔöÇÔöÇÔöÇÔöÇÔöÇÔöÇÔöÇÔöÇÔöÇÔöÇÔöÇÔöÇÔöÇÔöÇÔöÇÔöÇÔöÇÔöÇÔöÇÔöÇÔöÇÔöÇÔöÇÔöÇÔöÇÔöÇÔöÇÔöÇÔöÇÔöÇÔöÇÔöÇÔöÇÔöÇÔöÇÔöÇÔöÇÔöÇÔöÇÔöÇÔöÇÔöÇÔöÇÔöÇÔöÇÔöÇÔöÉ
Ôöé  Running: MeshOutlineAnalyzer                    Ôöé
ÔööÔöÇÔöÇÔöÇÔöÇÔöÇÔöÇÔöÇÔöÇÔöÇÔöÇÔöÇÔöÇÔöÇÔöÇÔöÇÔöÇÔöÇÔöÇÔöÇÔöÇÔöÇÔöÇÔöÇÔöÇÔöÇÔöÇÔöÇÔöÇÔöÇÔöÇÔöÇÔöÇÔöÇÔöÇÔöÇÔöÇÔöÇÔöÇÔöÇÔöÇÔöÇÔöÇÔöÇÔöÇÔöÇÔöÇÔöÇÔöÇÔöÇÔöÇÔöÇÔöÇÔöÿ

=== Testing MeshOutlineAnalyzer ===

--- MeshOutlineAnalyzer Test Summary ---
  Passed: 60
  Failed: 0
  Total: 60
  Result: Ô£ô ALL TESTS PASSED

ÔöîÔöÇÔöÇÔöÇÔöÇÔöÇÔöÇÔöÇÔöÇÔöÇÔöÇÔöÇÔöÇÔöÇÔöÇÔöÇÔöÇÔöÇÔöÇÔöÇÔöÇÔöÇÔöÇÔöÇÔöÇÔöÇÔöÇÔöÇÔöÇÔöÇÔöÇÔöÇÔöÇÔöÇÔöÇÔöÇÔöÇÔöÇÔöÇÔöÇÔöÇÔöÇÔöÇÔöÇÔöÇÔöÇÔöÇÔöÇÔöÇÔöÇÔöÇÔöÇÔöÇÔöÉ
Ôöé  Running: SocketSuggestionBuilder                Ôöé
ÔööÔöÇÔöÇÔöÇÔöÇÔöÇÔöÇÔöÇÔöÇÔöÇÔöÇÔöÇÔöÇÔöÇÔöÇÔöÇÔöÇÔöÇÔöÇÔöÇÔöÇÔöÇÔöÇÔöÇÔöÇÔöÇÔöÇÔöÇÔöÇÔöÇÔöÇÔöÇÔöÇÔöÇÔöÇÔöÇÔöÇÔöÇÔöÇÔöÇÔöÇÔöÇÔöÇÔöÇÔöÇÔöÇÔöÇÔöÇÔöÇÔöÇÔöÇÔöÇÔöÇÔöÿ

=== Testing SocketSuggestionBuilder ===

--- SocketSuggestionBuilder Test Summary ---
  Passed: 43
  Failed: 0
  Total: 43
  Result: Ô£ô ALL TESTS PASSED

ÔöîÔöÇÔöÇÔöÇÔöÇÔöÇÔöÇÔöÇÔöÇÔöÇÔöÇÔöÇÔöÇÔöÇÔöÇÔöÇÔöÇÔöÇÔöÇÔöÇÔöÇÔöÇÔöÇÔöÇÔöÇÔöÇÔöÇÔöÇÔöÇÔöÇÔöÇÔöÇÔöÇÔöÇÔöÇÔöÇÔöÇÔöÇÔöÇÔöÇÔöÇÔöÇÔöÇÔöÇÔöÇÔöÇÔöÇÔöÇÔöÇÔöÇÔöÇÔöÇÔöÇÔöÉ
Ôöé  Running: WfcCell                                Ôöé
ÔööÔöÇÔöÇÔöÇÔöÇÔöÇÔöÇÔöÇÔöÇÔöÇÔöÇÔöÇÔöÇÔöÇÔöÇÔöÇÔöÇÔöÇÔöÇÔöÇÔöÇÔöÇÔöÇÔöÇÔöÇÔöÇÔöÇÔöÇÔöÇÔöÇÔöÇÔöÇÔöÇÔöÇÔöÇÔöÇÔöÇÔöÇÔöÇÔöÇÔöÇÔöÇÔöÇÔöÇÔöÇÔöÇÔöÇÔöÇÔöÇÔöÇÔöÇÔöÇÔöÇÔöÿ

=== Testing WfcCell ===

--- WfcCell Test Summary ---
  Passed: 26
  Failed: 0
  Total: 26
  Result: Ô£ô ALL TESTS PASSED

ÔöîÔöÇÔöÇÔöÇÔöÇÔöÇÔöÇÔöÇÔöÇÔöÇÔöÇÔöÇÔöÇÔöÇÔöÇÔöÇÔöÇÔöÇÔöÇÔöÇÔöÇÔöÇÔöÇÔöÇÔöÇÔöÇÔöÇÔöÇÔöÇÔöÇÔöÇÔöÇÔöÇÔöÇÔöÇÔöÇÔöÇÔöÇÔöÇÔöÇÔöÇÔöÇÔöÇÔöÇÔöÇÔöÇÔöÇÔöÇÔöÇÔöÇÔöÇÔöÇÔöÇÔöÉ
Ôöé  Running: WfcGrid                                Ôöé
ÔööÔöÇÔöÇÔöÇÔöÇÔöÇÔöÇÔöÇÔöÇÔöÇÔöÇÔöÇÔöÇÔöÇÔöÇÔöÇÔöÇÔöÇÔöÇÔöÇÔöÇÔöÇÔöÇÔöÇÔöÇÔöÇÔöÇÔöÇÔöÇÔöÇÔöÇÔöÇÔöÇÔöÇÔöÇÔöÇÔöÇÔöÇÔöÇÔöÇÔöÇÔöÇÔöÇÔöÇÔöÇÔöÇÔöÇÔöÇÔöÇÔöÇÔöÇÔöÇÔöÇÔöÿ

=== Testing WfcGrid ===

--- WfcGrid Test Summary ---
  Passed: 105
  Failed: 0
  Total: 105
  Result: Ô£ô ALL TESTS PASSED

ÔöîÔöÇÔöÇÔöÇÔöÇÔöÇÔöÇÔöÇÔöÇÔöÇÔöÇÔöÇÔöÇÔöÇÔöÇÔöÇÔöÇÔöÇÔöÇÔöÇÔöÇÔöÇÔöÇÔöÇÔöÇÔöÇÔöÇÔöÇÔöÇÔöÇÔöÇÔöÇÔöÇÔöÇÔöÇÔöÇÔöÇÔöÇÔöÇÔöÇÔöÇÔöÇÔöÇÔöÇÔöÇÔöÇÔöÇÔöÇÔöÇÔöÇÔöÇÔöÇÔöÇÔöÉ
Ôöé  Running: WfcSolver                              Ôöé
ÔööÔöÇÔöÇÔöÇÔöÇÔöÇÔöÇÔöÇÔöÇÔöÇÔöÇÔöÇÔöÇÔöÇÔöÇÔöÇÔöÇÔöÇÔöÇÔöÇÔöÇÔöÇÔöÇÔöÇÔöÇÔöÇÔöÇÔöÇÔöÇÔöÇÔöÇÔöÇÔöÇÔöÇÔöÇÔöÇÔöÇÔöÇÔöÇÔöÇÔöÇÔöÇÔöÇÔöÇÔöÇÔöÇÔöÇÔöÇÔöÇÔöÇÔöÇÔöÇÔöÇÔöÿ

=== Testing WfcSolver ===

--- WfcSolver Test Summary ---
  Passed: 29
  Failed: 0
  Total: 29
  Result: Ô£ô ALL TESTS PASSED

ÔöîÔöÇÔöÇÔöÇÔöÇÔöÇÔöÇÔöÇÔöÇÔöÇÔöÇÔöÇÔöÇÔöÇÔöÇÔöÇÔöÇÔöÇÔöÇÔöÇÔöÇÔöÇÔöÇÔöÇÔöÇÔöÇÔöÇÔöÇÔöÇÔöÇÔöÇÔöÇÔöÇÔöÇÔöÇÔöÇÔöÇÔöÇÔöÇÔöÇÔöÇÔöÇÔöÇÔöÇÔöÇÔöÇÔöÇÔöÇÔöÇÔöÇÔöÇÔöÇÔöÇÔöÉ
Ôöé  Running: WfcHelper                              Ôöé
ÔööÔöÇÔöÇÔöÇÔöÇÔöÇÔöÇÔöÇÔöÇÔöÇÔöÇÔöÇÔöÇÔöÇÔöÇÔöÇÔöÇÔöÇÔöÇÔöÇÔöÇÔöÇÔöÇÔöÇÔöÇÔöÇÔöÇÔöÇÔöÇÔöÇÔöÇÔöÇÔöÇÔöÇÔöÇÔöÇÔöÇÔöÇÔöÇÔöÇÔöÇÔöÇÔöÇÔöÇÔöÇÔöÇÔöÇÔöÇÔöÇÔöÇÔöÇÔöÇÔöÇÔöÿ

=== Testing WfcHelper ===

--- WfcHelper Test Summary ---
  Passed: 50
  Failed: 0
  Total: 50
  Result: Ô£ô ALL TESTS PASSED

ÔöîÔöÇÔöÇÔöÇÔöÇÔöÇÔöÇÔöÇÔöÇÔöÇÔöÇÔöÇÔöÇÔöÇÔöÇÔöÇÔöÇÔöÇÔöÇÔöÇÔöÇÔöÇÔöÇÔöÇÔöÇÔöÇÔöÇÔöÇÔöÇÔöÇÔöÇÔöÇÔöÇÔöÇÔöÇÔöÇÔöÇÔöÇÔöÇÔöÇÔöÇÔöÇÔöÇÔöÇÔöÇÔöÇÔöÇÔöÇÔöÇÔöÇÔöÇÔöÇÔöÇÔöÉ
Ôöé  Running: Requirements                           Ôöé
ÔööÔöÇÔöÇÔöÇÔöÇÔöÇÔöÇÔöÇÔöÇÔöÇÔöÇÔöÇÔöÇÔöÇÔöÇÔöÇÔöÇÔöÇÔöÇÔöÇÔöÇÔöÇÔöÇÔöÇÔöÇÔöÇÔöÇÔöÇÔöÇÔöÇÔöÇÔöÇÔöÇÔöÇÔöÇÔöÇÔöÇÔöÇÔöÇÔöÇÔöÇÔöÇÔöÇÔöÇÔöÇÔöÇÔöÇÔöÇÔöÇÔöÇÔöÇÔöÇÔöÇÔöÿ

=== Testing Tile Weight & Requirements ===
SCRIPT ERROR: Invalid operands 'Callable' and 'bool' in operator '=='.
   at: AdjacentRequirement.evaluate (res://addons/auto_structured/core/requirements/adjacent_requirement.gd:46)
   GDScript backtrace (most recent call first):
  Ô£ÿ AdjacentRequirement MUST_HAVE mode: Should allow next to wall
       [0] evaluate (res://addons/auto_structured/core/requirements/adjacent_requirement.gd:46)
       [1] test_adjacent_requirement_must_have (res://addons/auto_structured/tests/test_requirements.gd:232)
       [2] run_all_tests (res://addons/auto_structured/tests/test_requirements.gd:41)
       [3] run_test_suite (res://addons/auto_structured/tests/run_tests.gd:95)
       [4] _initialize (res://addons/auto_structured/tests/run_tests.gd:50)
SCRIPT ERROR: Invalid operands 'Callable' and 'bool' in operator '=='.
   at: AdjacentRequirement.evaluate (res://addons/auto_structured/core/requirements/adjacent_requirement.gd:46)
   GDScript backtrace (most recent call first):
       [0] evaluate (res://addons/auto_structured/core/requirements/adjacent_requirement.gd:46)
       [1] test_adjacent_requirement_must_not_have (res://addons/auto_structured/tests/test_requirements.gd:249)
       [2] run_all_tests (res://addons/auto_structured/tests/test_requirements.gd:42)
       [3] run_test_suite (res://addons/auto_structured/tests/run_tests.gd:95)
       [4] _initialize (res://addons/auto_structured/tests/run_tests.gd:50)
  Ô£ÿ AdjacentRequirement MUST_NOT_HAVE mode: Should work with basic setup

=== Test Summary ===
Passed: 37
Failed: 2
Total:  39

Failed tests:
  - AdjacentRequirement MUST_HAVE mode: Should allow next to wall
  - AdjacentRequirement MUST_NOT_HAVE mode: Should work with basic setup

ÔöîÔöÇÔöÇÔöÇÔöÇÔöÇÔöÇÔöÇÔöÇÔöÇÔöÇÔöÇÔöÇÔöÇÔöÇÔöÇÔöÇÔöÇÔöÇÔöÇÔöÇÔöÇÔöÇÔöÇÔöÇÔöÇÔöÇÔöÇÔöÇÔöÇÔöÇÔöÇÔöÇÔöÇÔöÇÔöÇÔöÇÔöÇÔöÇÔöÇÔöÇÔöÇÔöÇÔöÇÔöÇÔöÇÔöÇÔöÇÔöÇÔöÇÔöÇÔöÇÔöÇÔöÉ
Ôöé  Running: Validation                             Ôöé
ÔööÔöÇÔöÇÔöÇÔöÇÔöÇÔöÇÔöÇÔöÇÔöÇÔöÇÔöÇÔöÇÔöÇÔöÇÔöÇÔöÇÔöÇÔöÇÔöÇÔöÇÔöÇÔöÇÔöÇÔöÇÔöÇÔöÇÔöÇÔöÇÔöÇÔöÇÔöÇÔöÇÔöÇÔöÇÔöÇÔöÇÔöÇÔöÇÔöÇÔöÇÔöÇÔöÇÔöÇÔöÇÔöÇÔöÇÔöÇÔöÇÔöÇÔöÇÔöÇÔöÇÔöÿ

=== Testing Validation System ===
  Ô£ÿ TileValidator detects invalid weight: Should detect invalid weight
SCRIPT ERROR: Invalid assignment of property or key 'socket_types' with value of type 'Array' on a base object of 
type 'Resource (ModuleLibrary)'.
   at: test_library_validator_duplicate_tile_names (res://addons/auto_structured/tests/test_validation.gd:235)
   GDScript backtrace (most recent call first):
       [0] test_library_validator_duplicate_tile_names (res://addons/auto_structured/tests/test_validation.gd:235)
       [1] run_all_tests (res://addons/auto_structured/tests/test_validation.gd:41)
       [2] run_test_suite (res://addons/auto_structured/tests/run_tests.gd:95)
       [3] _initialize (res://addons/auto_structured/tests/run_tests.gd:52)
SCRIPT ERROR: Invalid assignment of property or key 'socket_types' with value of type 'Array' on a base object of 
type 'Resource (ModuleLibrary)'.
   at: test_library_validator_no_socket_types (res://addons/auto_structured/tests/test_validation.gd:252)
   GDScript backtrace (most recent call first):
       [0] test_library_validator_no_socket_types (res://addons/auto_structured/tests/test_validation.gd:252)
       [1] run_all_tests (res://addons/auto_structured/tests/test_validation.gd:42)
       [2] run_test_suite (res://addons/auto_structured/tests/run_tests.gd:95)
       [3] _initialize (res://addons/auto_structured/tests/run_tests.gd:52)
SCRIPT ERROR: Invalid assignment of property or key 'socket_types' with value of type 'Array' on a base object of 
type 'Resource (ModuleLibrary)'.
   at: test_library_validator_unused_socket_types (res://addons/auto_structured/tests/test_validation.gd:275)
   GDScript backtrace (most recent call first):
       [0] test_library_validator_unused_socket_types (res://addons/auto_structured/tests/test_validation.gd:275)
       [1] run_all_tests (res://addons/auto_structured/tests/test_validation.gd:43)
       [2] run_test_suite (res://addons/auto_structured/tests/run_tests.gd:95)
       [3] _initialize (res://addons/auto_structured/tests/run_tests.gd:52)
SCRIPT ERROR: Invalid assignment of property or key 'socket_types' with value of type 'Array' on a base object of 
type 'Resource (ModuleLibrary)'.
   at: test_library_validator_isolated_tiles (res://addons/auto_structured/tests/test_validation.gd:310)
   GDScript backtrace (most recent call first):
       [0] test_library_validator_isolated_tiles (res://addons/auto_structured/tests/test_validation.gd:310)
       [1] run_all_tests (res://addons/auto_structured/tests/test_validation.gd:44)
       [2] run_test_suite (res://addons/auto_structured/tests/run_tests.gd:95)
       [3] _initialize (res://addons/auto_structured/tests/run_tests.gd:52)
SCRIPT ERROR: Invalid assignment of property or key 'socket_types' with value of type 'Array' on a base object of 
type 'Resource (ModuleLibrary)'.
   at: test_validation_manager_validate_library_deep (res://addons/auto_structured/tests/test_validation.gd:449)
   GDScript backtrace (most recent call first):
       [0] test_validation_manager_validate_library_deep 
(res://addons/auto_structured/tests/test_validation.gd:449)
       [1] run_all_tests (res://addons/auto_structured/tests/test_validation.gd:56)
       [2] run_test_suite (res://addons/auto_structured/tests/run_tests.gd:95)
       [3] _initialize (res://addons/auto_structured/tests/run_tests.gd:52)

=== Test Summary ===
Passed: 26
Failed: 1
Total:  27

Failed tests:
  - TileValidator detects invalid weight: Should detect invalid weight

ÔöîÔöÇÔöÇÔöÇÔöÇÔöÇÔöÇÔöÇÔöÇÔöÇÔöÇÔöÇÔöÇÔöÇÔöÇÔöÇÔöÇÔöÇÔöÇÔöÇÔöÇÔöÇÔöÇÔöÇÔöÇÔöÇÔöÇÔöÇÔöÇÔöÇÔöÇÔöÇÔöÇÔöÇÔöÇÔöÇÔöÇÔöÇÔöÇÔöÇÔöÇÔöÇÔöÇÔöÇÔöÇÔöÇÔöÇÔöÇÔöÇÔöÇÔöÇÔöÇÔöÇÔöÉ
Ôöé  Running: TileRotation                           Ôöé
ÔööÔöÇÔöÇÔöÇÔöÇÔöÇÔöÇÔöÇÔöÇÔöÇÔöÇÔöÇÔöÇÔöÇÔöÇÔöÇÔöÇÔöÇÔöÇÔöÇÔöÇÔöÇÔöÇÔöÇÔöÇÔöÇÔöÇÔöÇÔöÇÔöÇÔöÇÔöÇÔöÇÔöÇÔöÇÔöÇÔöÇÔöÇÔöÇÔöÇÔöÇÔöÇÔöÇÔöÇÔöÇÔöÇÔöÇÔöÇÔöÇÔöÇÔöÇÔöÇÔöÇÔöÿ

=== Testing Tile Rotation System ===
WARNING: Tile '' has CUSTOM rotation mode but no custom_rotations defined, using [0]
   at: push_warning (core/variant/variant_utility.cpp:1034)
   GDScript backtrace (most recent call first):
       [0] get_unique_rotations (res://addons/auto_structured/core/tile.gd:223)
       [1] test_rotation_symmetry_custom_invalid (res://addons/auto_structured/tests/test_tile_rotation.gd:83)
       [2] run_all_tests (res://addons/auto_structured/tests/test_tile_rotation.gd:19)
       [3] run_test_suite (res://addons/auto_structured/tests/run_tests.gd:95)
       [4] _initialize (res://addons/auto_structured/tests/run_tests.gd:54)

=== Test Summary ===
Passed: 21
Failed: 0
Total:  21

ÔöîÔöÇÔöÇÔöÇÔöÇÔöÇÔöÇÔöÇÔöÇÔöÇÔöÇÔöÇÔöÇÔöÇÔöÇÔöÇÔöÇÔöÇÔöÇÔöÇÔöÇÔöÇÔöÇÔöÇÔöÇÔöÇÔöÇÔöÇÔöÇÔöÇÔöÇÔöÇÔöÇÔöÇÔöÇÔöÇÔöÇÔöÇÔöÇÔöÇÔöÇÔöÇÔöÇÔöÇÔöÇÔöÇÔöÇÔöÇÔöÇÔöÇÔöÇÔöÇÔöÇÔöÉ
Ôöé  Running: ImportExport                           Ôöé
ÔööÔöÇÔöÇÔöÇÔöÇÔöÇÔöÇÔöÇÔöÇÔöÇÔöÇÔöÇÔöÇÔöÇÔöÇÔöÇÔöÇÔöÇÔöÇÔöÇÔöÇÔöÇÔöÇÔöÇÔöÇÔöÇÔöÇÔöÇÔöÇÔöÇÔöÇÔöÇÔöÇÔöÇÔöÇÔöÇÔöÇÔöÇÔöÇÔöÇÔöÇÔöÇÔöÇÔöÇÔöÇÔöÇÔöÇÔöÇÔöÇÔöÇÔöÇÔöÇÔöÇÔöÿ

=== Testing Import/Export System ===

=== Test Summary ===
Passed: 23
Failed: 0
Total:  23

ÔòöÔòÉÔòÉÔòÉÔòÉÔòÉÔòÉÔòÉÔòÉÔòÉÔòÉÔòÉÔòÉÔòÉÔòÉÔòÉÔòÉÔòÉÔòÉÔòÉÔòÉÔòÉÔòÉÔòÉÔòÉÔòÉÔòÉÔòÉÔòÉÔòÉÔòÉÔòÉÔòÉÔòÉÔòÉÔòÉÔòÉÔòÉÔòÉÔòÉÔòÉÔòÉÔòÉÔòÉÔòÉÔòÉÔòÉÔòÉÔòÉÔòÉÔòÉÔòÉÔòÉÔòù
Ôòæ              FINAL TEST SUMMARY                    Ôòæ
ÔòÜÔòÉÔòÉÔòÉÔòÉÔòÉÔòÉÔòÉÔòÉÔòÉÔòÉÔòÉÔòÉÔòÉÔòÉÔòÉÔòÉÔòÉÔòÉÔòÉÔòÉÔòÉÔòÉÔòÉÔòÉÔòÉÔòÉÔòÉÔòÉÔòÉÔòÉÔòÉÔòÉÔòÉÔòÉÔòÉÔòÉÔòÉÔòÉÔòÉÔòÉÔòÉÔòÉÔòÉÔòÉÔòÉÔòÉÔòÉÔòÉÔòÉÔòÉÔòÉÔòÉÔòØ

  Test Suites:
    Passed: 12
    Failed: 2
    Total:  14

  Individual Tests:
    Passed: 652
    Failed: 3
    Total:  655

  Time Elapsed: 288ms

  Ô£ù Ô£ù Ô£ù  SOME TESTS FAILED  Ô£ù Ô£ù Ô£ù

